00000000000i[      ] Bochs x86 Emulator 2.7
00000000000i[      ]   Built from SVN snapshot on August  1, 2021
00000000000i[      ]   Timestamp: Sun Aug  1 10:07:00 CEST 2021
00000000000i[      ] System configuration
00000000000i[      ]   processors: 1 (cores=1, HT threads=1)
00000000000i[      ]   A20 line support: yes
00000000000i[      ] IPS is set to 4000000
00000000000i[      ] CPU configuration
00000000000i[      ]   SMP support: yes, quantum=16
00000000000i[      ]   Using pre-defined CPU configuration: p2_klamath
00000000000i[      ] Optimization configuration
00000000000i[      ]   RepeatSpeedups support: yes
00000000000i[      ]   Fast function calls: yes
00000000000i[      ]   Handlers Chaining speedups: no
00000000000i[      ] Devices configuration
00000000000i[      ]   PCI support: i440FX i430FX i440BX
00000000000i[      ]   Network devices support: NE2000 E1000
00000000000i[      ]   Sound support: SB16 ES1370
00000000000i[      ]   USB support: UHCI OHCI EHCI xHCI
00000000000i[      ]   VGA extension support: vbe cirrus voodoo
00000000000i[IMG   ] Disk image modules
00000000000i[IMG   ]   flat concat sparse dll growing undoable volatile vvfat
00000000000i[IMG   ]   vmware3 vpc vbox vmware4
00000000000i[NETCTL] Networking modules
00000000000i[NETCTL]   null vnet vde linux socket tuntap slirp
00000000000i[SNDCTL] Sound drivers
00000000000i[SNDCTL]   dummy alsa file oss
00000000000i[USBCTL] Pluggable USB devices
00000000000i[USBCTL]   disk cdrom hub mouse tablet keypad keyboard floppy
00000000000i[USBCTL]   printer
00000000000i[MEM0  ] allocated memory at 0x7deeb1e48010. after alignment, vector=0x7deeb1e49000
00000000000i[MEM0  ] 32.00MB
00000000000i[MEM0  ] mem block size = 0x00020000, blocks=256
00000000000i[MEM0  ] rom at 0xffff0000/65536 ('/usr/share/bochs/BIOS-bochs-legacy')
00000000000i[DEV   ] will paste characters every 100 iodev timer ticks
00000000000i[      ] lt_dlhandle is 0x568c1b00fc50
00000000000i[PLUGIN] loaded plugin libbx_sounddummy.so
00000000000i[      ] lt_dlhandle is 0x568c1b010eb0
00000000000i[PLUGIN] loaded plugin libbx_pci.so
00000000000i[      ] lt_dlhandle is 0x568c1b011910
00000000000i[PLUGIN] loaded plugin libbx_pci2isa.so
00000000000i[      ] lt_dlhandle is 0x568c1b0124f0
00000000000i[PLUGIN] loaded plugin libbx_usb_uhci.so
00000000000i[      ] lt_dlhandle is 0x568c1b0149d0
00000000000i[PLUGIN] loaded plugin libbx_acpi.so
00000000000i[      ] lt_dlhandle is 0x568c1b015500
00000000000i[PLUGIN] loaded plugin libbx_hpet.so
00000000000i[      ] lt_dlhandle is 0x568c1b0163b0
00000000000i[PLUGIN] loaded plugin libbx_cmos.so
00000000000i[      ] lt_dlhandle is 0x568c1b016bf0
00000000000i[PLUGIN] loaded plugin libbx_dma.so
00000000000i[      ] lt_dlhandle is 0x568c1b017430
00000000000i[PLUGIN] loaded plugin libbx_pic.so
00000000000i[      ] lt_dlhandle is 0x568c1b017c90
00000000000i[PLUGIN] loaded plugin libbx_pit.so
00000000000i[      ] lt_dlhandle is 0x568c1b018680
00000000000i[PLUGIN] loaded plugin libbx_vga.so
00000000000i[      ] lt_dlhandle is 0x568c1b018f30
00000000000i[PLUGIN] loaded plugin libbx_floppy.so
00000000000i[      ] lt_dlhandle is 0x568c1b019b20
00000000000i[PLUGIN] loaded plugin libbx_ioapic.so
00000000000i[      ] lt_dlhandle is 0x568c1b01a360
00000000000i[PLUGIN] loaded plugin libbx_keyboard.so
00000000000i[      ] lt_dlhandle is 0x568c1b01ac90
00000000000i[PLUGIN] loaded plugin libbx_harddrv.so
00000000000i[      ] lt_dlhandle is 0x568c1b01cdb0
00000000000i[PLUGIN] loaded plugin libbx_pci_ide.so
00000000000i[PLUGIN] init_dev of 'pci' plugin device by virtual method
00000000000i[DEV   ] i440FX PMC present at device 0, function 0
00000000000i[PLUGIN] init_dev of 'pci2isa' plugin device by virtual method
00000000000i[DEV   ] PIIX3 PCI-to-ISA bridge present at device 1, function 0
00000000000i[PLUGIN] init_dev of 'cmos' plugin device by virtual method
00000000000i[CMOS  ] Using local time for initial clock
00000000000i[CMOS  ] Setting initial clock to: Sun Jun  7 11:54:49 2026 (time0=1780804489)
00000000000i[PLUGIN] init_dev of 'dma' plugin device by virtual method
00000000000i[DMA   ] channel 4 used by cascade
00000000000i[PLUGIN] init_dev of 'pic' plugin device by virtual method
00000000000i[PLUGIN] init_dev of 'pit' plugin device by virtual method
00000000000i[PLUGIN] init_dev of 'vga' plugin device by virtual method
00000000000i[MEM0  ] Register memory access handlers: 0x0000000a0000 - 0x0000000bffff
00000000000i[VGA   ] interval=200000, mode=realtime
00000000000i[VGA   ] VSYNC using standard mode
00000000000i[MEM0  ] Register memory access handlers: 0x0000e0000000 - 0x0000e0ffffff
00000000000i[BXVGA ] VBE Bochs Display Extension Enabled
00000000000i[XGUI  ] test_alloc_colors: 16 colors available out of 16 colors tried
00000000000i[XGUI  ] font 8 wide x 16 high, display depth = 24
00000000000i[XGUI  ] maximum host resolution: x=3840 y=2110
00000000000i[MEM0  ] rom at 0xc0000/38400 ('/usr/share/bochs/VGABIOS-lgpl-latest')
00000000000i[PLUGIN] init_dev of 'floppy' plugin device by virtual method
00000000000i[DMA   ] channel 2 used by Floppy Drive
00000000000i[FLOPPY] Using boot sequence disk, none, none
00000000000i[FLOPPY] Floppy boot signature check is enabled
00000000000i[PLUGIN] init_dev of 'acpi' plugin device by virtual method
00000000000i[DEV   ] ACPI Controller present at device 1, function 3
00000000000i[PLUGIN] init_dev of 'hpet' plugin device by virtual method
00000000000i[HPET  ] initializing HPET
00000000000i[MEM0  ] Register memory access handlers: 0x0000fed00000 - 0x0000fed003ff
00000000000i[PLUGIN] init_dev of 'ioapic' plugin device by virtual method
00000000000i[IOAPIC] initializing I/O APIC
00000000000i[MEM0  ] Register memory access handlers: 0x0000fec00000 - 0x0000fec00fff
00000000000i[IOAPIC] IOAPIC enabled (base address = 0xfec00000)
00000000000i[PLUGIN] init_dev of 'keyboard' plugin device by virtual method
00000000000i[PLUGIN] init_dev of 'harddrv' plugin device by virtual method
00000000000i[HD    ] HD on ata0-0: '/home/wang/OS/OS/hd64M.img', 'flat' mode
00000000000i[IMG   ] hd_size: 67092480
00000000000i[HD    ] ata0-0: using specified geometry: CHS=130/16/63 (sector size=512)
00000000000i[HD    ] translation on ata0-0 set to 'none'
00000000000i[PLUGIN] init_dev of 'pci_ide' plugin device by virtual method
00000000000i[DEV   ] PIIX3 PCI IDE controller present at device 1, function 1
00000000000i[PLUGIN] init_dev of 'serial' plugin device by virtual method
00000000000i[SER   ] com1 at 0x03f8 irq 4 (mode: null)
00000000000i[PLUGIN] init_dev of 'gameport' plugin device by virtual method
00000000000i[PLUGIN] init_dev of 'unmapped' plugin device by virtual method
00000000000i[PLUGIN] init_dev of 'iodebug' plugin device by virtual method
00000000000i[PLUGIN] init_dev of 'speaker' plugin device by virtual method
00000000000i[PCSPK ] PC speaker output disabled
00000000000i[PLUGIN] init_dev of 'biosdev' plugin device by virtual method
00000000000i[PLUGIN] init_dev of 'parallel' plugin device by virtual method
00000000000i[PAR   ] parallel port 1 at 0x0378 irq 7
00000000000i[PLUGIN] init_dev of 'extfpuirq' plugin device by virtual method
00000000000i[PLUGIN] init_dev of 'usb_uhci' plugin device by virtual method
00000000000i[DEV   ] USB UHCI present at device 1, function 2
00000000000i[UHCI  ] USB UHCI initialized
00000000000i[PLUGIN] register state of 'pci' plugin device by virtual method
00000000000i[PLUGIN] register state of 'pci2isa' plugin device by virtual method
00000000000i[PLUGIN] register state of 'cmos' plugin device by virtual method
00000000000i[PLUGIN] register state of 'dma' plugin device by virtual method
00000000000i[PLUGIN] register state of 'pic' plugin device by virtual method
00000000000i[PLUGIN] register state of 'pit' plugin device by virtual method
00000000000i[PLUGIN] register state of 'vga' plugin device by virtual method
00000000000i[PLUGIN] register state of 'floppy' plugin device by virtual method
00000000000i[PLUGIN] register state of 'serial' plugin device by virtual method
00000000000i[PLUGIN] register state of 'gameport' plugin device by virtual method
00000000000i[PLUGIN] register state of 'unmapped' plugin device by virtual method
00000000000i[PLUGIN] register state of 'iodebug' plugin device by virtual method
00000000000i[PLUGIN] register state of 'biosdev' plugin device by virtual method
00000000000i[PLUGIN] register state of 'parallel' plugin device by virtual method
00000000000i[PLUGIN] register state of 'extfpuirq' plugin device by virtual method
00000000000i[PLUGIN] register state of 'usb_uhci' plugin device by virtual method
00000000000i[PLUGIN] register state of 'acpi' plugin device by virtual method
00000000000i[PLUGIN] register state of 'hpet' plugin device by virtual method
00000000000i[PLUGIN] register state of 'ioapic' plugin device by virtual method
00000000000i[PLUGIN] register state of 'keyboard' plugin device by virtual method
00000000000i[PLUGIN] register state of 'harddrv' plugin device by virtual method
00000000000i[PLUGIN] register state of 'pci_ide' plugin device by virtual method
00000000000i[SYS   ] bx_pc_system_c::Reset(HARDWARE) called
00000000000i[CPU0  ] cpu hardware reset
00000000000i[APIC0 ] allocate APIC id=0 (MMIO enabled) to 0x0000fee00000
00000000000i[CPU0  ] CPU[0] is the bootstrap processor
00000000000i[CPU0  ] CPUID[0x00000000]: 00000002 756e6547 6c65746e 49656e69
00000000000i[CPU0  ] CPUID[0x00000001]: 00000634 00000000 00000000 0082fbff
00000000000i[CPU0  ] CPUID[0x00000002]: 03020101 00000000 00000000 0c040843
00000000000i[CPU0  ] CPU Features supported:
00000000000i[CPU0  ] 		x87
00000000000i[CPU0  ] 		486ni
00000000000i[CPU0  ] 		pentium_ni
00000000000i[CPU0  ] 		p6ni
00000000000i[CPU0  ] 		mmx
00000000000i[CPU0  ] 		debugext
00000000000i[CPU0  ] 		vme
00000000000i[CPU0  ] 		pse
00000000000i[CPU0  ] 		pae
00000000000i[CPU0  ] 		pge
00000000000i[CPU0  ] 		pse36
00000000000i[CPU0  ] 		mtrr
00000000000i[CPU0  ] 		sysenter_sysexit
00000000000i[PLUGIN] reset of 'pci' plugin device by virtual method
00000000000i[PLUGIN] reset of 'pci2isa' plugin device by virtual method
00000000000i[PLUGIN] reset of 'cmos' plugin device by virtual method
00000000000i[PLUGIN] reset of 'dma' plugin device by virtual method
00000000000i[PLUGIN] reset of 'pic' plugin device by virtual method
00000000000i[PLUGIN] reset of 'pit' plugin device by virtual method
00000000000i[PLUGIN] reset of 'vga' plugin device by virtual method
00000000000i[PLUGIN] reset of 'floppy' plugin device by virtual method
00000000000i[PLUGIN] reset of 'acpi' plugin device by virtual method
00000000000i[PLUGIN] reset of 'hpet' plugin device by virtual method
00000000000i[PLUGIN] reset of 'ioapic' plugin device by virtual method
00000000000i[PLUGIN] reset of 'keyboard' plugin device by virtual method
00000000000i[PLUGIN] reset of 'harddrv' plugin device by virtual method
00000000000i[PLUGIN] reset of 'pci_ide' plugin device by virtual method
00000000000i[PLUGIN] reset of 'serial' plugin device by virtual method
00000000000i[PLUGIN] reset of 'gameport' plugin device by virtual method
00000000000i[PLUGIN] reset of 'unmapped' plugin device by virtual method
00000000000i[PLUGIN] reset of 'iodebug' plugin device by virtual method
00000000000i[PLUGIN] reset of 'biosdev' plugin device by virtual method
00000000000i[PLUGIN] reset of 'parallel' plugin device by virtual method
00000000000i[PLUGIN] reset of 'extfpuirq' plugin device by virtual method
00000000000i[PLUGIN] reset of 'usb_uhci' plugin device by virtual method
00000000000i[      ] set SIGINT handler to bx_debug_ctrlc_handler
00000004662i[BIOS  ] $Revision: 14314 $ $Date: 2021-07-14 18:10:19 +0200 (Mi, 14. Jul 2021) $
00000318056i[KBD   ] reset-disable command received
00000320695i[PIDE  ] BAR #4: i/o base address = 0xc000
00000320922i[UHCI  ] BAR #4: i/o base address = 0xc100
00000326757i[P2ISA ] PCI IRQ routing: PIRQD# set to 0x0b
00000326773i[P2ISA ] write: ELCR2 = 0x08
00000326793i[UHCI  ] new IRQ line = 11
00000326858i[P2ISA ] PCI IRQ routing: PIRQA# set to 0x0a
00000326874i[P2ISA ] write: ELCR2 = 0x0c
00000326894i[ACPI  ] new IRQ line = 10
00000445194i[VBIOS ] VGABios $Id: vgabios.c 288 2021-05-28 19:05:28Z vruppert $
00000445265i[BXVGA ] VBE known Display Interface b0c0
00000445297i[BXVGA ] VBE known Display Interface b0c5
00000447940i[VBIOS ] VBE Bios $Id: vbe.c 292 2021-06-03 12:24:22Z vruppert $
00000603848i[XGUI  ] charmap update. Font is 9 x 16
00000674700i[BIOS  ] ata0-0: PCHS=130/16/63 translation=none LCHS=130/16/63
00004108664i[BIOS  ] IDE time out
00016080300i[BIOS  ] Booting from 0000:7c00
01051164000i[      ] Ctrl-C detected in signal handler.
01051164000i[      ] Ctrl-C detected in signal handler.
01051164000i[      ] dbg: Quit
01051164000i[CPU0  ] CPU is in protected mode (active)
01051164000i[CPU0  ] CS.mode = 32 bit
01051164000i[CPU0  ] SS.mode = 32 bit
01051164000i[CPU0  ] EFER   = 0x00000000
01051164000i[CPU0  ] | EAX=60000018  EBX=00000b71  ECX=00000000  EDX=02000000
01051164000i[CPU0  ] | ESP=00000900  EBP=00000000  ESI=00000002  EDI=00000b71
01051164000i[CPU0  ] | IOPL=0 id vip vif ac vm rf nt of df if tf sf zf af PF cf
01051164000i[CPU0  ] | SEG sltr(index|ti|rpl)     base    limit G D
01051164000i[CPU0  ] |  CS:0008( 0001| 0|  0) 00000000 ffffffff 1 1
01051164000i[CPU0  ] |  DS:0010( 0002| 0|  0) 00000000 ffffffff 1 1
01051164000i[CPU0  ] |  SS:0010( 0002| 0|  0) 00000000 ffffffff 1 1
01051164000i[CPU0  ] |  ES:0010( 0002| 0|  0) 00000000 ffffffff 1 1
01051164000i[CPU0  ] |  FS:0000( 0000| 0|  0) 00000000 0000ffff 0 0
01051164000i[CPU0  ] |  GS:0018( 0003| 0|  0) 00168000 00007fff 1 1
01051164000i[CPU0  ] | EIP=00000dc4 (00000dc4)
01051164000i[CPU0  ] | CR0=0x60000011 CR2=0x00000000
01051164000i[CPU0  ] | CR3=0x00000000 CR4=0x00000000
01051164000i[CMOS  ] Last time is 1780804751 (Sun Jun  7 11:59:11 2026)
01051164000i[XGUI  ] Exit
01051164000i[SIM   ] quit_sim called with exit code 0
